// Jest Snapshot v1, https://goo.gl/fbAQLP

exports[`Result.match should go ðŸ’¥ with never 1`] = `"invalid \`Result\` variant"`;
