// Jest Snapshot v1, https://goo.gl/fbAQLP

exports[`Task Task.run_sync no sync callback Error 1`] = `"Task.run_sync expects the executor to resolve synchronously."`;

exports[`Task should toString 1`] = `"[object Task]"`;
